 gdb a.out
GNU gdb (GDB) 7.6.1
Copyright (C) 2013 Free Software Foundation, Inc.
License GPLv3+: GNU GPL version 3 or later <http://gnu.org/licenses/gpl.html>
This is free software: you are free to change and redistribute it.
There is NO WARRANTY, to the extent permitted by law.  Type "show copying"
and "show warranty" for details.
This GDB was configured as "mingw32".
For bug reporting instructions, please see:
<http://www.gnu.org/software/gdb/bugs/>...
a.out: No such file or directory.
(gdb) b main
No symbol table is loaded.  Use the "file" command.
Make breakpoint pending on future shared library load? (y or [n]) y
Breakpoint 1 (main) pending.
(gdb) q
PS C:\Users\Admin\Desktop\c_activity_sets\c-activity-sets\set01> gdb ./problem04.exe
GNU gdb (GDB) 7.6.1
Copyright (C) 2013 Free Software Foundation, Inc.
License GPLv3+: GNU GPL version 3 or later <http://gnu.org/licenses/gpl.html>
This is free software: you are free to change and redistribute it.
There is NO WARRANTY, to the extent permitted by law.  Type "show copying"
and "show warranty" for details.
This GDB was configured as "mingw32".
For bug reporting instructions, please see:
<http://www.gnu.org/software/gdb/bugs/>...
Reading symbols from C:\Users\Admin\Desktop\c_activity_sets\c-activity-sets\set01\problem04.exe...done.
(gdb) b main
Breakpoint 1 at 0x40146e: file problem04.c, line 10.
(gdb) r
Starting program: C:\Users\Admin\Desktop\c_activity_sets\c-activity-sets\set01/./problem04.exe
[New Thread 9064.0x3a9c]
[New Thread 9064.0x26a0]

Breakpoint 1, main () at problem04.c:10
10          input(&a, &b);
(gdb) n
Enter the numbers:6
n
12          sum(a, b, &add);
(gdb) n
13          output(a, b, add);
(gdb) n
6+0=614     return 0;
(gdb) n
15      
(gdb) n
0x00401288 in __register_frame_info ()
(gdb) c
Continuing.
[Inferior 1 (process 9064) exited normally]
(gdb) q